Archive member included because of file (symbol)

c:\Users\anshr\AppData\Roaming\Cursor\User\globalStorage\vexrobotics.vexcode\sdk\cpp\V5\V5_20240802_15_00_00/vexv5\libv5rt.a(v5_startup.c.obj)
                              (vexStartup)
c:\Users\anshr\AppData\Roaming\Cursor\User\globalStorage\vexrobotics.vexcode\sdk\cpp\V5\V5_20240802_15_00_00/vexv5\libv5rt.a(v5_util.c.obj)
                              c:\Users\anshr\AppData\Roaming\Cursor\User\globalStorage\vexrobotics.vexcode\sdk\cpp\V5\V5_20240802_15_00_00/vexv5\libv5rt.a(v5_startup.c.obj) (vexStdlibVersionLinked)
c:\Users\anshr\AppData\Roaming\Cursor\User\globalStorage\vexrobotics.vexcode\sdk\cpp\V5\V5_20240802_15_00_00/vexv5\libv5rt.a(v5_apijump.c.obj)
                              c:\Users\anshr\AppData\Roaming\Cursor\User\globalStorage\vexrobotics.vexcode\sdk\cpp\V5\V5_20240802_15_00_00/vexv5\libv5rt.a(v5_startup.c.obj) (vexPrivateApiEnable)
c:\Users\anshr\AppData\Roaming\Cursor\User\globalStorage\vexrobotics.vexcode\sdk\cpp\V5\V5_20240802_15_00_00/vexv5\libv5rt.a(v5_apiversions.c.obj)
                              c:\Users\anshr\AppData\Roaming\Cursor\User\globalStorage\vexrobotics.vexcode\sdk\cpp\V5\V5_20240802_15_00_00/vexv5\libv5rt.a(v5_apijump.c.obj) (vexSystemVersion)
c:\Users\anshr\AppData\Roaming\Cursor\User\globalStorage\vexrobotics.vexcode\sdk\cpp\V5\V5_20240802_15_00_00/vexv5\libv5rt.a(vex_global.cpp.obj)
                              build/src/main.o (vex::wait(double, vex::timeUnits))
c:\Users\anshr\AppData\Roaming\Cursor\User\globalStorage\vexrobotics.vexcode\sdk\cpp\V5\V5_20240802_15_00_00/vexv5\libv5rt.a(vex_motor.cpp.obj)
                              build/custom/src/robot-config.o (vex::motor::~motor())
c:\Users\anshr\AppData\Roaming\Cursor\User\globalStorage\vexrobotics.vexcode\sdk\cpp\V5\V5_20240802_15_00_00/vexv5\libv5rt.a(vex_imu.cpp.obj)
                              build/custom/src/robot-config.o (vex::inertial::~inertial())
c:\Users\anshr\AppData\Roaming\Cursor\User\globalStorage\vexrobotics.vexcode\sdk\cpp\V5\V5_20240802_15_00_00/vexv5\libv5rt.a(vex_rotation.cpp.obj)
                              build/custom/src/robot-config.o (vex::rotation::~rotation())
c:\Users\anshr\AppData\Roaming\Cursor\User\globalStorage\vexrobotics.vexcode\sdk\cpp\V5\V5_20240802_15_00_00/vexv5\libv5rt.a(vex_optical.cpp.obj)
                              build/custom/src/robot-config.o (vex::optical::~optical())
c:\Users\anshr\AppData\Roaming\Cursor\User\globalStorage\vexrobotics.vexcode\sdk\cpp\V5\V5_20240802_15_00_00/vexv5\libv5rt.a(vex_distance.cpp.obj)
                              build/custom/src/robot-config.o (vex::distance::~distance())
c:\Users\anshr\AppData\Roaming\Cursor\User\globalStorage\vexrobotics.vexcode\sdk\cpp\V5\V5_20240802_15_00_00/vexv5\libv5rt.a(vex_controller.cpp.obj)
                              build/custom/src/robot-config.o (vex::controller::~controller())
c:\Users\anshr\AppData\Roaming\Cursor\User\globalStorage\vexrobotics.vexcode\sdk\cpp\V5\V5_20240802_15_00_00/vexv5\libv5rt.a(vex_thread.cpp.obj)
                              build/custom/src/autonomous.o (vex::thread::thread(int (*)()))
c:\Users\anshr\AppData\Roaming\Cursor\User\globalStorage\vexrobotics.vexcode\sdk\cpp\V5\V5_20240802_15_00_00/vexv5\libv5rt.a(vex_event.cpp.obj)
                              c:\Users\anshr\AppData\Roaming\Cursor\User\globalStorage\vexrobotics.vexcode\sdk\cpp\V5\V5_20240802_15_00_00/vexv5\libv5rt.a(vex_imu.cpp.obj) (vex::event::init(unsigned long, unsigned long, void (*)()))
c:\Users\anshr\AppData\Roaming\Cursor\User\globalStorage\vexrobotics.vexcode\sdk\cpp\V5\V5_20240802_15_00_00/vexv5\libv5rt.a(vex_mevent.cpp.obj)
                              c:\Users\anshr\AppData\Roaming\Cursor\User\globalStorage\vexrobotics.vexcode\sdk\cpp\V5\V5_20240802_15_00_00/vexv5\libv5rt.a(vex_controller.cpp.obj) (vex::mevent::mevent(unsigned long, unsigned long))
c:\Users\anshr\AppData\Roaming\Cursor\User\globalStorage\vexrobotics.vexcode\sdk\cpp\V5\V5_20240802_15_00_00/vexv5\libv5rt.a(vex_brain.cpp.obj)
                              build/src/pid.o (vex::brain::timer(vex::timeUnits))
c:\Users\anshr\AppData\Roaming\Cursor\User\globalStorage\vexrobotics.vexcode\sdk\cpp\V5\V5_20240802_15_00_00/vexv5\libv5rt.a(vex_competition.cpp.obj)
                              build/src/main.o (vex::competition::competition())
c:\Users\anshr\AppData\Roaming\Cursor\User\globalStorage\vexrobotics.vexcode\sdk\cpp\V5\V5_20240802_15_00_00/vexv5\libv5rt.a(vex_triport.cpp.obj)
                              c:\Users\anshr\AppData\Roaming\Cursor\User\globalStorage\vexrobotics.vexcode\sdk\cpp\V5\V5_20240802_15_00_00/vexv5\libv5rt.a(vex_brain.cpp.obj) (vex::triport::~triport())
c:\Users\anshr\AppData\Roaming\Cursor\User\globalStorage\vexrobotics.vexcode\sdk\cpp\V5\V5_20240802_15_00_00/vexv5\libv5rt.a(vex_color.cpp.obj)
[...]
Memory Configuration

Name             Origin             Length             Attributes
ps7_ddr_0_S_AXI_BASEADDR 0x03800000         0x04800000
*default*        0x00000000         0xffffffff

Linker script and memory map

                0x00002000                _STACK_SIZE = DEFINED (_STACK_SIZE)?_STACK_SIZE:0x2000
                0x00100000                _HEAP_SIZE = DEFINED (_HEAP_SIZE)?_HEAP_SIZE:0x100000
                0x00000400                _ABORT_STACK_SIZE = DEFINED (_ABORT_STACK_SIZE)?_ABORT_STACK_SIZE:0x400
                0x00000800                _SUPERVISOR_STACK_SIZE = DEFINED (_SUPERVISOR_STACK_SIZE)?_SUPERVISOR_STACK_SIZE:0x800
                0x00000400                _IRQ_STACK_SIZE = DEFINED (_IRQ_STACK_SIZE)?_IRQ_STACK_SIZE:0x400
                0x00000400                _FIQ_STACK_SIZE = DEFINED (_FIQ_STACK_SIZE)?_FIQ_STACK_SIZE:0x400
                0x00000400                _UNDEF_STACK_SIZE = DEFINED (_UNDEF_STACK_SIZE)?_UNDEF_STACK_SIZE:0x400

.text           0x03800000    0x4c208
 *(.vectors)
 *(.boot_data)
 .boot_data     0x03800000       0x20 c:\Users\anshr\AppData\Roaming\Cursor\User\globalStorage\vexrobotics.vexcode\sdk\cpp\V5\V5_20240802_15_00_00/vexv5\libv5rt.a(v5_startup.c.obj)
                0x03800000                vexCodeSig
                0x00000020                . = 0x20
 *(.boot)
 .boot          0x03800020       0xbc c:\Users\anshr\AppData\Roaming\Cursor\User\globalStorage\vexrobotics.vexcode\sdk\cpp\V5\V5_20240802_15_00_00/vexv5\libv5rt.a(v5_startup.c.obj)
                0x03800020                vexStartup
                0x03800100                . = ALIGN (0x40)
 *fill*         0x038000dc       0x24 
 *(.freertos_vectors)
 *(.text)
 .text          0x03800100      0x170 build/src/v5lvgl.o
                0x03800100                lvgltask
                0x03800120                v5_lv_init
 .text          0x03800270      0xad4 build/lv_disp.o
                0x03800270                lv_disp_get_scr_act
                0x0380029c                lv_disp_get_scr_prev
                0x038002c8                lv_disp_load_scr
                0x038002f4                lv_scr_load_anim
                0x038007b8                lv_disp_get_layer_top
                0x038007e4                lv_disp_get_layer_sys
                0x03800810                lv_disp_set_theme
                0x03800898                lv_disp_get_theme
                0x038008b8                lv_disp_set_bg_color
                0x03800938                lv_disp_set_bg_image
                0x038009b8                lv_disp_set_bg_opa
                0x03800bd8                lv_disp_get_inactive_time
                0x03800c3c                lv_disp_trig_activity
                0x03800c6c                lv_disp_clean_dcache
                0x03800ca4                lv_disp_enable_invalidation
                0x03800ce0                lv_disp_is_invalidation_enabled
                0x03800d18                _lv_disp_get_refr_timer
 .text          0x03800d44      0xb10 build/lv_group.o
                0x03800d44                _lv_group_init
                0x03800d54                lv_group_create
                0x03800dac                lv_group_del
                0x03800f40                lv_group_set_default
                0x03800f50                lv_group_get_default
                0x03800f60                lv_group_add_obj
                0x03801038                lv_group_remove_obj
                0x038011fc                lv_group_swap_obj
                0x038012b4                lv_group_get_focused
                0x038012d0                lv_group_focus_obj
                0x038013e0                lv_group_remove_all_objs
                0x03801470                lv_group_set_editing
                0x038014d8                lv_group_focus_next
                0x03801704                lv_group_focus_prev
                0x0380174c                lv_group_focus_freeze
                0x03801764                lv_group_send_data
                0x038017cc                lv_group_set_focus_cb
                0x038017d4                lv_group_set_edge_cb
                0x038017dc                lv_group_set_refocus_policy
                0x038017f4                lv_group_set_wrap
                0x03801808                lv_group_get_focus_cb
                0x03801818                lv_group_get_edge_cb
                0x03801828                lv_group_get_editing
                0x0380183c                lv_group_get_wrap
                0x03801850                lv_group_get_obj_count
 .text          0x03801854     0x1724 build/lv_indev.o
                0x03801854                lv_indev_read_timer_cb
                0x03802390                lv_indev_enable
                0x038023ec                lv_indev_get_act
                0x038023fc                lv_indev_get_type
                0x03802410                lv_indev_reset
                0x03802544                lv_indev_reset_long_press
                0x03802570                lv_indev_set_cursor
                0x038025d4                lv_indev_set_group
                0x038025ec                lv_indev_set_button_points
                0x03802600                lv_indev_get_point
                0x0380264c                lv_indev_get_gesture_dir
                0x03802658                lv_indev_get_key
                0x03802674                lv_indev_get_scroll_dir
                0x038026a0                lv_indev_get_scroll_obj
                0x038026c8                lv_indev_get_vect
                0x03802700                lv_indev_wait_release
                0x03802714                lv_indev_get_obj_act
                0x03802724                lv_indev_get_read_timer
                0x03802734                lv_indev_search_obj
 .text          0x03802f78     0x13ac build/lv_indev_scroll.o
                0x03802f78                _lv_indev_scroll_handler
                0x03803a94                _lv_indev_scroll_throw_handler
                0x03804264                lv_indev_scroll_throw_predict
                0x038042e4                lv_indev_scroll_get_snap_dist
 .text          0x03804324     0x1620 build/lv_obj.o
                0x038050a0                lv_is_initialized
                0x038050b0                lv_init
                0x03805128                lv_deinit
                0x03805154                lv_obj_create
                0x0380517c                lv_obj_add_flag
                0x0380526c                lv_obj_has_state
                0x0380527c                lv_obj_get_group
                0x03805290                lv_obj_clear_flag
                0x0380534c                lv_obj_add_state
                0x0380575c                lv_obj_clear_state
                0x03805770                lv_obj_has_flag
                0x03805788                lv_obj_has_flag_any
                0x03805798                lv_obj_get_state
                0x038057a0                lv_obj_allocate_spec_attr
                0x03805810                lv_obj_check_type
                0x0380582c                lv_obj_has_class
                0x03805854                lv_obj_get_class
                0x0380585c                lv_obj_is_valid
 .text          0x03805944      0x340 build/lv_obj_class.o
                0x03805944                lv_obj_class_create_obj
                0x03805acc                lv_obj_class_init_obj
                0x03805bdc                lv_obj_is_group_def
                0x03805c10                _lv_obj_destruct
                0x03805c50                lv_obj_is_editable
 .text          0x03805c84      0xc00 build/lv_obj_draw.o
                0x03805c84                lv_obj_init_draw_rect_dsc
                0x03806144                lv_obj_init_draw_label_dsc
                0x03806274                lv_obj_init_draw_img_dsc
                0x038063a0                lv_obj_init_draw_line_dsc
                0x038064dc                lv_obj_init_draw_arc_dsc
                0x038065f8                lv_obj_calculate_ext_draw_size
                0x03806778                lv_obj_draw_dsc_init
                0x03806798                lv_obj_draw_part_check_type
                0x038067c0                lv_obj_refresh_ext_draw_size
                0x03806854                _lv_obj_get_ext_draw_size
                0x0380686c                _lv_obj_get_layer_type
 .text          0x03806884     0x2880 build/lv_obj_pos.o
                0x03806884                lv_obj_set_pos
                0x038068a8                lv_obj_set_x
                0x03806900                lv_obj_set_y
                0x03806958                lv_obj_refr_size
                0x03807304                lv_obj_get_width
                0x0380731c                lv_obj_get_content_width
                0x03807380                lv_clamp_width
                0x0380741c                lv_obj_get_height
                0x03807434                lv_obj_get_content_height
                0x03807498                lv_clamp_height
                0x03807534                lv_obj_invalidate
                0x0380758c                lv_obj_get_coords
                0x038075b0                lv_obj_get_content_coords
                0x03807674                lv_obj_set_size
                0x03807698                lv_obj_set_width
                0x038076f0                lv_obj_set_height
                0x03807748                lv_obj_set_content_width
                0x038077a4                lv_obj_set_content_height
                0x03807800                lv_obj_set_layout
                0x03807824                lv_obj_mark_layout_as_dirty
                0x03807860                lv_obj_is_layout_positioned
                0x038078b4                lv_obj_update_layout
                0x038079f0                lv_layout_register
                0x03807a5c                lv_obj_set_align
                0x03807a64                lv_obj_align
                0x03807a9c                lv_obj_align_to
                0x038081c8                lv_obj_get_x
                0x0380822c                lv_obj_get_x2
                0x03808258                lv_obj_get_y
                0x038082bc                lv_obj_get_y2
                0x038082e8                lv_obj_get_x_aligned
                0x03808304                lv_obj_get_y_aligned
                0x03808320                lv_obj_get_self_width
                0x03808350                lv_obj_get_self_height
                0x0380837c                lv_obj_refresh_self_size
                0x038083d4                lv_obj_refr_pos
                0x03808728                lv_obj_move_to
                0x03808904                lv_obj_move_children_by
                0x038089b4                lv_obj_transform_point
                0x03808bd8                lv_obj_get_transformed_area
                0x03808d2c                lv_obj_invalidate_area
                0x03808d9c                lv_obj_area_is_visible
                0x03808f3c                lv_obj_is_visible
                0x03808f94                lv_obj_set_ext_click_area
                0x03808fb4                lv_obj_get_click_area
                0x03809010                lv_obj_hit_test
 .text          0x03809104     0x1dc8 build/lv_obj_scroll.o
                0x03809104                lv_obj_set_scrollbar_mode
                0x03809148                lv_obj_set_scroll_dir
                0x03809180                lv_obj_set_scroll_snap_x
                0x038091b0                lv_obj_set_scroll_snap_y
                0x038091e0                lv_obj_get_scrollbar_mode
                0x038091f8                lv_obj_get_scroll_dir
                0x03809210                lv_obj_get_scroll_snap_x
                0x03809228                lv_obj_get_scroll_snap_y
                0x03809240                lv_obj_get_scroll_x
                0x0380925c                lv_obj_get_scroll_y
                0x03809278                lv_obj_get_scroll_top
                0x03809294                lv_obj_get_scroll_bottom
                0x038093b8                lv_obj_get_scroll_left
                0x03809524                lv_obj_get_scroll_right
                0x03809674                lv_obj_get_scroll_end
                0x0380975c                lv_obj_scroll_by_bounded
                0x03809900                lv_obj_scroll_by
                0x03809b00                _lv_obj_scroll_by_raw
                0x03809b7c                lv_obj_scroll_to
                0x03809bac                lv_obj_scroll_to_x
                0x03809bfc                lv_obj_scroll_to_y
                0x03809c4c                lv_obj_scroll_to_view
                0x0380a164                lv_obj_scroll_to_view_recursive
                0x0380a1d0                lv_obj_is_scrolling
                0x0380a228                lv_obj_update_snap
                0x0380a268                lv_obj_get_scrollbar_area
                0x0380ad3c                lv_obj_scrollbar_invalidate
                0x0380adbc                lv_obj_readjust_scroll
 .text          0x0380aecc     0x19b8 build/lv_obj_style.o
                0x0380aecc                _lv_obj_style_init
                0x0380aedc                lv_obj_add_style
                0x0380b0fc                lv_obj_refresh_style
                0x0380b32c                lv_obj_remove_style
                0x0380b514                lv_obj_style_get_selector_state
                0x0380b51c                lv_obj_style_get_selector_part
                0x0380b524                lv_obj_report_style_change
                0x0380b69c                lv_obj_enable_style_refresh
                0x0380b6ac                lv_obj_get_style_prop
                0x0380b914                lv_obj_set_local_style_prop
                0x0380ba8c                lv_obj_set_local_style_prop_meta
                0x0380bacc                lv_obj_get_local_style_prop
                0x0380bb28                lv_obj_remove_local_style_prop
                0x0380bbc0                _lv_obj_style_create_transition
                0x0380c274                _lv_obj_style_apply_color_filter
                0x0380c2e4                _lv_obj_style_state_compare
                0x0380c68c                lv_obj_fade_in
                0x0380c718                lv_obj_fade_out
                0x0380c78c                lv_obj_calculate_style_text_align
                0x0380c7c8                lv_obj_get_style_opa_recursive
 .text          0x0380c884      0x550 build/lv_obj_style_gen.o
                0x0380c884                lv_obj_set_style_width
                0x0380c894                lv_obj_set_style_min_width
                0x0380c8a4                lv_obj_set_style_max_width
                0x0380c8b4                lv_obj_set_style_height
                0x0380c8c4                lv_obj_set_style_min_height
                0x0380c8d4                lv_obj_set_style_max_height
                0x0380c8e4                lv_obj_set_style_x
                0x0380c8f4                lv_obj_set_style_y
                0x0380c904                lv_obj_set_style_align
                0x0380c914                lv_obj_set_style_transform_width
                0x0380c924                lv_obj_set_style_transform_height
                0x0380c934                lv_obj_set_style_translate_x
                0x0380c944                lv_obj_set_style_translate_y
                0x0380c954                lv_obj_set_style_transform_zoom
                0x0380c964                lv_obj_set_style_transform_angle
                0x0380c974                lv_obj_set_style_transform_pivot_x
                0x0380c984                lv_obj_set_style_transform_pivot_y
                0x0380c994                lv_obj_set_style_pad_top
                0x0380c9a4                lv_obj_set_style_pad_bottom
                0x0380c9b4                lv_obj_set_style_pad_left
                0x0380c9c4                lv_obj_set_style_pad_right
                0x0380c9d4                lv_obj_set_style_pad_row
                0x0380c9e4                lv_obj_set_style_pad_column
                0x0380c9f4                lv_obj_set_style_bg_color
                0x0380ca04                lv_obj_set_style_bg_opa
                0x0380ca14                lv_obj_set_style_bg_grad_color
                0x0380ca24                lv_obj_set_style_bg_grad_dir
                0x0380ca34                lv_obj_set_style_bg_main_stop
                0x0380ca44                lv_obj_set_style_bg_grad_stop
                0x0380ca54                lv_obj_set_style_bg_grad
                0x0380ca64                lv_obj_set_style_bg_dither_mode
                0x0380ca74                lv_obj_set_style_bg_img_src
                0x0380ca84                lv_obj_set_style_bg_img_opa
                0x0380ca94                lv_obj_set_style_bg_img_recolor
                0x0380caa4                lv_obj_set_style_bg_img_recolor_opa
                0x0380cab4                lv_obj_set_style_bg_img_tiled
                0x0380cac4                lv_obj_set_style_border_color
                0x0380cad4                lv_obj_set_style_border_opa
                0x0380cae4                lv_obj_set_style_border_width
                0x0380caf4                lv_obj_set_style_border_side
                0x0380cb04                lv_obj_set_style_border_post
                0x0380cb14                lv_obj_set_style_outline_width
                0x0380cb24                lv_obj_set_style_outline_color
                0x0380cb34                lv_obj_set_style_outline_opa
                0x0380cb44                lv_obj_set_style_outline_pad
                0x0380cb54                lv_obj_set_style_shadow_width
                0x0380cb64                lv_obj_set_style_shadow_ofs_x
                0x0380cb74                lv_obj_set_style_shadow_ofs_y
                0x0380cb84                lv_obj_set_style_shadow_spread
                0x0380cb94                lv_obj_set_style_shadow_color
                0x0380cba4                lv_obj_set_style_shadow_opa
                0x0380cbb4                lv_obj_set_style_img_opa
                0x0380cbc4                lv_obj_set_style_img_recolor
                0x0380cbd4                lv_obj_set_style_img_recolor_opa
                0x0380cbe4                lv_obj_set_style_line_width
                0x0380cbf4                lv_obj_set_style_line_dash_width
                0x0380cc04                lv_obj_set_style_line_dash_gap
                0x0380cc14                lv_obj_set_style_line_rounded
                0x0380cc24                lv_obj_set_style_line_color
                0x0380cc34                lv_obj_set_style_line_opa
                0x0380cc44                lv_obj_set_style_arc_width
                0x0380cc54                lv_obj_set_style_arc_rounded
                0x0380cc64                lv_obj_set_style_arc_color
                0x0380cc74                lv_obj_set_style_arc_opa
                0x0380cc84                lv_obj_set_style_arc_img_src
                0x0380cc94                lv_obj_set_style_text_color
                0x0380cca4                lv_obj_set_style_text_opa
                0x0380ccb4                lv_obj_set_style_text_font
                0x0380ccc4                lv_obj_set_style_text_letter_space
                0x0380ccd4                lv_obj_set_style_text_line_space
                0x0380cce4                lv_obj_set_style_text_decor
                0x0380ccf4                lv_obj_set_style_text_align
                0x0380cd04                lv_obj_set_style_radius
                0x0380cd14                lv_obj_set_style_clip_corner
                0x0380cd24                lv_obj_set_style_opa
                0x0380cd34                lv_obj_set_style_opa_layered
                0x0380cd44                lv_obj_set_style_color_filter_dsc
                0x0380cd54                lv_obj_set_style_color_filter_opa
                0x0380cd64                lv_obj_set_style_anim
                0x0380cd74                lv_obj_set_style_anim_time
                0x0380cd84                lv_obj_set_style_anim_speed
                0x0380cd94                lv_obj_set_style_transition
                0x0380cda4                lv_obj_set_style_blend_mode
                0x0380cdb4                lv_obj_set_style_layout
                0x0380cdc4                lv_obj_set_style_base_dir
 .text          0x0380cdd4      0x928 build/lv_obj_tree.o
                0x0380cdd4                lv_obj_del
                0x0380ce58                lv_obj_get_parent
                0x0380ce68                lv_obj_get_disp
                0x0380d0d0                lv_obj_clean
                0x0380d134                lv_obj_get_child
                0x0380d168                lv_obj_del_delayed
                0x0380d1c0                lv_obj_del_anim_ready_cb
                0x0380d1c8                lv_obj_del_async
                0x0380d1dc                lv_obj_set_parent
                0x0380d318                lv_obj_get_index
                0x0380d3a0                lv_obj_get_child_cnt
                0x0380d3b4                lv_obj_move_to_index
                0x0380d4e8                lv_obj_swap
                0x0380d5c8                lv_obj_get_screen
                0x0380d5e4                lv_obj_tree_walk
 .text          0x0380d6fc      0x9c0 build/lv_event.o
                0x0380d6fc                lv_event_send
                0x0380da28                lv_obj_event_base
                0x0380da88                lv_event_get_target
                0x0380da90                lv_event_get_current_target
                0x0380da98                lv_event_get_code
                0x0380daa4                lv_event_get_param
                0x0380daac                lv_event_get_user_data
                0x0380dab4                lv_event_stop_bubbling
                0x0380dac4                lv_event_stop_processing
                0x0380dad4                lv_event_register_id
                0x0380daec                _lv_event_mark_deleted
                0x0380db28                lv_obj_add_event_cb
                0x0380dbec                lv_obj_remove_event_cb
                0x0380dcf4                lv_obj_remove_event_cb_with_user_data
                0x0380de18                lv_obj_remove_event_dsc
                0x0380df2c                lv_obj_get_event_user_data
                0x0380df7c                lv_event_get_indev
                0x0380df9c                lv_event_get_draw_part_dsc
                0x0380dfb8                lv_event_get_draw_ctx
                0x0380dfd8                lv_event_get_old_size
                0x0380dff0                lv_event_get_key
                0x0380e014                lv_event_get_scroll_anim
                0x0380e02c                lv_event_set_ext_draw_size
                0x0380e050                lv_event_get_self_size_info
                0x0380e068                lv_event_get_hit_test_info
                0x0380e080                lv_event_get_cover_area
                0x0380e09c                lv_event_set_cover_res
 .text          0x0380e0bc     0x1d10 build/lv_refr.o
                0x0380e0bc                _lv_refr_init
                0x0380e0c0                lv_refr_now
                0x0380e124                _lv_disp_refr_timer
                0x0380ea38                lv_obj_redraw
                0x0380f094                _lv_inv_area
                0x0380f244                _lv_refr_get_disp_refreshing
                0x0380f254                _lv_refr_set_disp_refreshing
 .text          0x0380fdcc      0x160 build/lv_theme.o
                0x0380fdcc                lv_theme_get_from_obj
                0x0380fdf0                lv_theme_apply
                0x0380fe74                lv_theme_set_parent
                0x0380fe7c                lv_theme_set_apply_cb
                0x0380fe84                lv_theme_get_font_small
                0x0380fea4                lv_theme_get_font_normal
                0x0380fec4                lv_theme_get_font_large
                0x0380fee4                lv_theme_get_color_primary
                0x0380ff08                lv_theme_get_color_secondary
 .text          0x0380ff2c      0x624 build/lv_draw_arc.o
                0x0380ff2c                lv_draw_arc_dsc_init
                0x0380ff5c                lv_draw_arc
                0x0380ffa4                lv_draw_arc_get_area
 .text          0x03810550       0x14 build/lv_draw.o
                0x03810550                lv_draw_init
                0x03810554                lv_draw_wait_for_finish
 .text          0x03810564      0x53c build/lv_draw_img.o
                0x03810564                lv_draw_img_dsc_init
                0x038105a0                lv_draw_img
                0x0381099c                lv_img_cf_get_px_size
                0x03810a08                lv_img_cf_is_chroma_keyed
                0x03810a20                lv_img_cf_has_alpha
                0x03810a40                lv_img_src_get_type
                0x03810a74                lv_draw_img_decoded
 .text          0x03810aa0      0x914 build/lv_draw_label.o
                0x03810aa0                lv_draw_label_dsc_init
                0x03810b00                lv_draw_label
                0x038113ac                lv_draw_letter
 .text          0x038113b4       0x54 build/lv_draw_line.o
                0x038113b4                lv_draw_line_dsc_init
                0x038113e4                lv_draw_line
 .text          0x03811408     0x23b0 build/lv_draw_mask.o
                0x03811408                lv_draw_mask_add
                0x03811450                lv_draw_mask_apply
                0x038114e4                lv_draw_mask_apply_ids
                0x038115a4                lv_draw_mask_remove_id
                0x038115cc                lv_draw_mask_remove_custom
                0x03811618                lv_draw_mask_free_param
                0x03811680                _lv_draw_mask_cleanup
                0x038116c0                lv_draw_mask_get_cnt
                0x038116f0                lv_draw_mask_is_any
                0x0381178c                lv_draw_mask_line_points_init
                0x03812034                lv_draw_mask_line_angle_init
                0x0381209c                lv_draw_mask_angle_init
                0x03812574                lv_draw_mask_radius_init
                0x03812fe8                lv_draw_mask_fade_init
                0x038131ec                lv_draw_mask_map_init
                0x0381330c                lv_draw_mask_polygon_init
 .text          0x038137b8       0xb8 build/lv_draw_rect.o
                0x038137b8                lv_draw_rect_dsc_init
                0x0381382c                lv_draw_rect
 .text          0x03813870       0x54 build/lv_draw_transform.o
                0x03813870                lv_draw_transform
 .text          0x038138c4      0x150 build/lv_draw_layer.o
                0x038138c4                lv_draw_layer_create
                0x03813984                lv_draw_layer_adjust
                0x03813994                lv_draw_layer_blend
                0x038139a4                lv_draw_layer_destroy
 .text          0x03813a14      0x9cc build/lv_img_buf.o
                0x03813a14                lv_img_buf_get_px_color
                0x03813bb0                lv_img_buf_get_px_alpha
                0x03813cd8                lv_img_buf_set_px_alpha
                0x03813e0c                lv_img_buf_set_px_color
                0x03813fe8                lv_img_buf_set_palette
                0x0381406c                lv_img_buf_alloc
                0x03814114                lv_img_buf_get_img_size
                0x03814248                lv_img_buf_free
                0x03814278                _lv_img_buf_get_transformed_area
 .text          0x038143e0      0x2e4 build/lv_img_cache.o
                0x038143e0                _lv_img_cache_open
                0x038145d8                lv_img_cache_set_size
                0x03814640                lv_img_cache_invalidate_src
 .text          0x038146c4      0xce4 build/lv_img_decoder.o
                0x038146c4                _lv_img_decoder_init
                0x0381471c                lv_img_decoder_create
                0x03814750                lv_img_decoder_set_info_cb
                0x03814758                lv_img_decoder_built_in_info
                0x0381487c                lv_img_decoder_set_open_cb
                0x03814884                lv_img_decoder_built_in_open
                0x03814bec                lv_img_decoder_set_read_line_cb
                0x03814bf4                lv_img_decoder_built_in_read_line
                0x03815058                lv_img_decoder_set_close_cb
                0x03815060                lv_img_decoder_built_in_close
                0x038150c0                lv_img_decoder_get_info
                0x03815174                lv_img_decoder_open
                0x038152e8                lv_img_decoder_read_line
                0x03815334                lv_img_decoder_close
                0x03815380                lv_img_decoder_delete
 .text          0x038153a8      0x190 build/lv_draw_sw.o
                0x038153a8                lv_draw_sw_init_ctx
                0x03815480                lv_draw_sw_wait_for_finish
                0x03815484                lv_draw_sw_buffer_copy
                0x0381552c                lv_draw_sw_deinit_ctx
 .text          0x03815538     0x106c build/lv_draw_sw_arc.o
                0x03815538                lv_draw_sw_arc
 .text          0x038165a4     0x1c68 build/lv_draw_sw_blend.o
                0x038165a4                lv_draw_sw_blend
                0x03816608                lv_draw_sw_blend_basic
 .text          0x0381820c      0x564 build/lv_draw_sw_gradient.o
                0x0381820c                lv_gradient_free_cache
                0x03818248                lv_gradient_set_cache_size
                0x038182a0                lv_gradient_get
                0x03818590                lv_gradient_calculate
                0x038186c8                lv_gradient_cleanup
 .text          0x03818770      0x768 build/lv_draw_sw_img.o
                0x03818770                lv_draw_sw_img_decoded
 .text          0x03818ed8      0x5c0 build/lv_draw_sw_letter.o
                0x03818ed8                lv_draw_sw_letter
 .text          0x03819498      0xb34 build/lv_draw_sw_line.o
                0x03819498                lv_draw_sw_line
 .text          0x03819fcc      0x454 build/lv_draw_sw_polygon.o
                0x03819fcc                lv_draw_sw_polygon
 .text          0x0381a420     0x2a7c build/lv_draw_sw_rect.o
                0x0381a420                lv_draw_sw_rect
                0x0381c298                lv_draw_sw_bg
                0x0381c2c4                draw_border_generic
 .text          0x0381ce9c      0x98c build/lv_draw_sw_transform.o
                0x0381ce9c                lv_draw_sw_transform
 .text          0x0381d828      0x2c8 build/lv_draw_sw_layer.o
                0x0381d828                lv_draw_sw_layer_create
                0x0381d98c                lv_draw_sw_layer_adjust
                0x0381da0c                lv_draw_sw_layer_blend
                0x0381dae8                lv_draw_sw_layer_destroy
 .text          0x0381daf0       0x14 build/lvgl/src/extra/lv_extra.o
                0x0381daf0                lv_extra_init
 .text          0x0381db04     0x1320 build/lvgl/src/extra/layouts/flex/lv_flex.o
                0x0381db04                lv_flex_init
                0x0381e134                lv_obj_set_flex_flow
                0x0381e178                lv_obj_set_style_flex_flow
                0x0381e190                lv_obj_set_flex_align
                0x0381e214                lv_obj_set_style_flex_main_place
                0x0381e22c                lv_obj_set_style_flex_cross_place
                0x0381e244                lv_obj_set_style_flex_track_place
                0x0381e25c                lv_obj_set_flex_grow
                0x0381e294                lv_obj_set_style_flex_grow
                0x0381e2ac                lv_style_set_flex_flow
                0x0381e2c0                lv_style_set_flex_main_place
                0x0381e2d4                lv_style_set_flex_cross_place
                0x0381e2e8                lv_style_set_flex_track_place
                0x0381e2fc                lv_style_set_flex_grow
 .text          0x0381ee24     0x13e4 build/lvgl/src/extra/layouts/grid/lv_grid.o
                0x0381ee24                lv_grid_init
                0x0381fcec                lv_obj_set_grid_dsc_array
                0x0381fd50                lv_obj_set_style_grid_column_dsc_array
                0x0381fd68                lv_obj_set_style_grid_row_dsc_array
                0x0381fd80                lv_obj_set_grid_align
                0x0381fdcc                lv_obj_set_style_grid_column_align
                0x0381fde4                lv_obj_set_style_grid_row_align
                0x0381fdfc                lv_obj_set_grid_cell
                0x0381fec4                lv_obj_set_style_grid_cell_column_pos
                0x0381fedc                lv_obj_set_style_grid_cell_row_pos
                0x0381fef4                lv_obj_set_style_grid_cell_x_align
                0x0381ff0c                lv_obj_set_style_grid_cell_column_span
                0x0381ff24                lv_obj_set_style_grid_cell_row_span
                0x0381ff3c                lv_obj_set_style_grid_cell_y_align
                0x0381ff54                lv_style_set_grid_row_dsc_array
                0x0381ff68                lv_style_set_grid_column_dsc_array
                0x0381ff7c                lv_style_set_grid_row_align
                0x0381ff90                lv_style_set_grid_column_align
                0x0381ffa4                lv_style_set_grid_cell_column_pos
                0x0381ffb8                lv_style_set_grid_cell_column_span
                0x0381ffcc                lv_style_set_grid_cell_row_pos
                0x0381ffe0                lv_style_set_grid_cell_row_span
                0x0381fff4                lv_style_set_grid_cell_x_align
                0x03820008                lv_style_set_grid_cell_y_align
 .text          0x03820208     0x5e00 build/lvgl/src/extra/themes/default/lv_theme_default.o
                0x03820208                lv_theme_default_init
                0x03820300                lv_theme_default_is_inited
                0x03825f30                lv_theme_default_get
 .text          0x03826008      0x334 build/lvgl/src/extra/widgets/calendar/lv_calendar_header_dropdown.o
                0x038260dc                lv_calendar_header_dropdown_create
                0x03826104                lv_calendar_header_dropdown_set_year_list
 .text          0x0382633c      0x27c build/lvgl/src/extra/widgets/calendar/lv_calendar_header_arrow.o
                0x0382648c                lv_calendar_header_arrow_create
 .text          0x038265b8      0x8b0 build/lvgl/src/extra/widgets/calendar/lv_calendar.o
                0x038266f0                lv_calendar_create
                0x03826718                lv_calendar_set_day_names
                0x03826738                lv_calendar_set_today_date
                0x03826898                lv_calendar_set_highlighted_dates
                0x038268b0                lv_calendar_set_showed_date
                0x03826c9c                lv_calendar_get_btnmatrix
                0x03826ca4                lv_calendar_get_today_date
                0x03826cac                lv_calendar_get_showed_date
                0x03826cb4                lv_calendar_get_highlighted_dates
                0x03826cbc                lv_calendar_get_highlighted_dates_num
                0x03826cc4                lv_calendar_get_pressed_date
 .text          0x03826e68     0x380c build/lvgl/src/extra/widgets/chart/lv_chart.o
                0x03828c38                lv_chart_create
                0x03828c60                lv_chart_set_type
                0x03828d40                lv_chart_refresh
                0x03828d44                lv_chart_set_point_count
                0x03828f64                lv_chart_set_range
                0x03828fc4                lv_chart_set_update_mode
                0x03828fe8                lv_chart_set_div_line_count
                0x0382900c                lv_chart_set_zoom_x
                0x03829048                lv_chart_set_zoom_y
                0x03829084                lv_chart_get_zoom_x
                0x0382908c                lv_chart_get_zoom_y
                0x03829094                lv_chart_set_axis_tick
                0x03829130                get_tick_gsc
                0x0382917c                lv_chart_get_type
                0x03829188                lv_chart_get_point_count
                0x03829190                lv_chart_get_x_start_point
                0x038291b0                lv_chart_get_point_pos_by_id
                0x038294c4                lv_chart_add_series
                0x038295bc                lv_chart_remove_series
                0x03829628                lv_chart_hide_series
                0x03829648                lv_chart_set_series_color
                0x0382965c                lv_chart_set_x_start_point
                0x03829678                lv_chart_get_series_next
                0x0382968c                lv_chart_add_cursor
                0x038296dc                lv_chart_set_cursor_pos
                0x03829708                lv_chart_set_cursor_point
                0x03829758                lv_chart_get_cursor_point
                0x03829768                lv_chart_set_all_value
                0x038297b4                lv_chart_set_next_value
                0x03829a94                lv_chart_set_next_value2
                0x03829b00                lv_chart_set_value_by_id
                0x03829b2c                lv_chart_set_value_by_id2
                0x03829b88                lv_chart_set_ext_y_array
                0x03829be0                lv_chart_set_ext_x_array
                0x03829c38                lv_chart_get_y_array
                0x03829c48                lv_chart_get_x_array
                0x03829c58                lv_chart_get_pressed_point
 .text          0x0382a674     0x1060 build/lvgl/src/extra/widgets/colorwheel/lv_colorwheel.o
                0x0382b2b0                lv_colorwheel_create
                0x0382b2e8                lv_colorwheel_set_hsv
                0x0382b488                lv_colorwheel_set_rgb
                0x0382b4b8                lv_colorwheel_set_mode
                0x0382b4ec                lv_colorwheel_set_mode_fixed
                0x0382b500                lv_colorwheel_get_hsv
                0x0382b508                lv_colorwheel_get_rgb
                0x0382b518                lv_colorwheel_get_color_mode
                0x0382b524                lv_colorwheel_get_color_mode_fixed
 .text          0x0382b6d4      0x584 build/lvgl/src/extra/widgets/keyboard/lv_keyboard.o
                0x0382b764                lv_keyboard_create
                0x0382b78c                lv_keyboard_set_textarea
                0x0382b7d4                lv_keyboard_set_mode
                0x0382b810                lv_keyboard_set_popovers
                0x0382b8e0                lv_keyboard_set_map
                0x0382b920                lv_keyboard_get_textarea
                0x0382b928                lv_keyboard_get_mode
                0x0382b930                lv_btnmatrix_get_popovers
                0x0382b93c                lv_keyboard_def_event_cb
 .text          0x0382bc58      0x5c8 build/lvgl/src/extra/widgets/led/lv_led.o
                0x0382c184                lv_led_create
                0x0382c1ac                lv_led_set_color
                0x0382c1b4                lv_led_set_brightness
                0x0382c1d0                lv_led_on
                0x0382c1e8                lv_led_off
                0x0382c200                lv_led_toggle
                0x0382c218                lv_led_get_brightness
 .text          0x0382c220      0xca4 build/lvgl/src/extra/widgets/menu/lv_menu.o
                0x0382c4c0                lv_menu_create
                0x0382c4e8                lv_menu_page_create
                0x0382c550                lv_menu_cont_create
                0x0382c578                lv_menu_section_create
                0x0382c5a0                lv_menu_separator_create
                0x0382c5c8                lv_menu_set_page
                0x0382c740                lv_menu_clear_history
                0x0382c81c                lv_menu_set_sidebar_page
                0x0382cbc4                lv_menu_set_mode_header
                0x0382cc14                lv_menu_set_mode_root_back_btn
                0x0382cc38                lv_menu_set_load_page_event
                0x0382cdc8                lv_menu_get_cur_main_page
                0x0382cdd0                lv_menu_get_cur_sidebar_page
                0x0382cdd8                lv_menu_get_main_header
                0x0382cde0                lv_menu_get_main_header_back_btn
                0x0382cde8                lv_menu_get_sidebar_header
                0x0382cdf0                lv_menu_get_sidebar_header_back_btn
                0x0382cdf8                lv_menu_back_btn_is_root
 .text          0x0382cec4     0x1438 build/lvgl/src/extra/widgets/meter/lv_meter.o
                0x0382db74                lv_meter_create
                0x0382db9c                lv_meter_add_scale
                0x0382dc04                lv_meter_set_scale_ticks
                0x0382dc2c                lv_meter_set_scale_major_ticks
                0x0382dc5c                lv_meter_set_scale_range
                0x0382dc84                lv_meter_add_needle_line
                0x0382dce8                lv_meter_add_needle_img
                0x0382dd4c                lv_meter_add_arc
                0x0382ddb0                lv_meter_add_scale_lines
                0x0382de30                lv_meter_set_indicator_value
                0x0382e21c                lv_meter_set_indicator_start_value
                0x0382e28c                lv_meter_set_indicator_end_value
 *fill*         0x0382e2fc        0x4 
 .text          0x0382e300      0x720 build/lvgl/src/extra/widgets/spinbox/lv_spinbox.o
                0x0382e5c0                lv_spinbox_create
                0x0382e5e8                lv_spinbox_set_value
                0x0382e7a8                lv_spinbox_set_rollover
                0x0382e7c0                lv_spinbox_set_digit_format
                0x0382e838                lv_spinbox_set_step
                0x0382e840                lv_spinbox_set_range
                0x0382e874                lv_spinbox_set_cursor_pos
                0x0382e8d8                lv_spinbox_set_digit_step_direction
                0x0382e8f4                lv_spinbox_get_value
                0x0382e8fc                lv_spinbox_get_step
                0x0382e904                lv_spinbox_step_next
                0x0382e92c                lv_spinbox_step_prev
                0x0382e95c                lv_spinbox_get_rollover
                0x0382e968                lv_spinbox_increment
                0x0382e9c4                lv_spinbox_decrement
 .text          0x0382ea20      0x120 build/lvgl/src/extra/widgets/spinner/lv_spinner.o
                0x0382eaec                lv_spinner_create
 .text          0x0382eb40      0x814 build/lvgl/src/extra/widgets/tabview/lv_tabview.o
                0x0382ee34                lv_tabview_create
                0x0382ee78                lv_tabview_add_tab
                0x0382f074                lv_tabview_get_content
                0x0382f07c                lv_tabview_get_tab_btns
                0x0382f084                lv_tabview_set_act
                0x0382f18c                lv_tabview_rename_tab
                0x0382f1fc                lv_tabview_get_tab_act
 .text          0x0382f354      0x3c0 build/lvgl/src/extra/widgets/tileview/lv_tileview.o
                0x0382f450                lv_tileview_create
                0x0382f478                lv_tileview_add_tile
                0x0382f4c8                lv_obj_set_tile
                0x0382f51c                lv_obj_set_tile_id
                0x0382f5dc                lv_tileview_get_tile_act
 .text          0x0382f714      0x194 build/lvgl/src/extra/widgets/win/lv_win.o
                0x0382f7c0                lv_win_create
                0x0382f7f8                lv_win_add_title
                0x0382f83c                lv_win_get_header
                0x0382f844                lv_win_add_btn
                0x0382f8a0                lv_win_get_content
 .text          0x0382f8a8      0x174 build/lv_font.o
                0x0382f8a8                lv_font_get_glyph_bitmap
                0x0382f8bc                lv_font_get_glyph_dsc
                0x0382f9e8                lv_font_get_glyph_width
 .text          0x0382fa1c      0x424 build/lv_font_fmt_txt.o
                0x0382fa1c                lv_font_get_bitmap_fmt_txt
                0x0382fc0c                lv_font_get_glyph_dsc_fmt_txt
                0x0382fdf4                _lv_font_clean_up_fmt_txt
 .text          0x0382fe40      0xc64 build/lv_hal_disp.o
                0x0382fe40                lv_disp_drv_init
                0x0382feb4                lv_disp_draw_buf_init
                0x0382fee4                lv_disp_drv_register
                0x038300d0                lv_disp_drv_update
                0x03830218                lv_disp_get_hor_res
                0x03830264                lv_disp_get_ver_res
                0x038302c4                lv_disp_remove
                0x0383039c                lv_disp_get_default
                0x038303ac                lv_disp_set_default
                0x038303bc                lv_disp_get_physical_hor_res
                0x03830420                lv_disp_get_physical_ver_res
                0x03830484                lv_disp_get_offset_x
                0x038304fc                lv_disp_get_offset_y
                0x03830574                lv_disp_get_antialiasing
                0x038305a4                lv_disp_get_dpi
                0x038305d4                lv_disp_flush_ready
                0x038305e8                lv_disp_flush_is_last
                0x038305fc                lv_disp_get_next
                0x03830620                lv_disp_get_draw_buf
                0x0383062c                lv_disp_set_rotation
                0x03830668                lv_disp_get_rotation
                0x03830698                lv_disp_drv_use_generic_set_px_cb
 .text          0x03830aa4      0x25c build/lv_hal_indev.o
                0x03830aa4                lv_indev_drv_init
                0x03830adc                lv_indev_drv_register
                0x03830b64                lv_indev_drv_update
                0x03830c08                lv_indev_delete
                0x03830c60                lv_indev_get_next
                0x03830c84                _lv_indev_read
 .text          0x03830d00       0x84 build/lv_hal_tick.o
                0x03830d00                lv_tick_inc
                0x03830d28                lv_tick_get
                0x03830d54                lv_tick_elaps
 .text          0x03830d84      0x9cc build/lv_anim.o
                0x03830d84                _lv_anim_core_init
                0x038310ac                lv_anim_init
                0x038310fc                lv_anim_path_linear
                0x03831144                lv_anim_start
                0x03831230                lv_anim_del
                0x038312e0                lv_anim_get_playtime
                0x03831354                lv_anim_del_all
                0x03831370                lv_anim_get
                0x038313dc                lv_anim_get_timer
                0x038313ec                lv_anim_count_running
                0x03831440                lv_anim_speed_to_time
                0x03831474                lv_anim_refr_now
                0x0383147c                lv_anim_path_ease_in
                0x038314d8                lv_anim_path_ease_out
                0x03831534                lv_anim_path_ease_in_out
                0x03831590                lv_anim_path_overshoot
                0x038315ec                lv_anim_path_bounce
                0x03831734                lv_anim_path_step
 .text          0x03831750      0xef8 build/lv_area.o
                0x03831750                lv_area_set
                0x03831768                lv_area_set_width
                0x0383177c                lv_area_set_height
                0x03831790                _lv_area_set_pos
                0x038317cc                lv_area_get_size
                0x038317f4                lv_area_increase
                0x03831830                lv_area_move
                0x0383186c                _lv_area_intersect
                0x038318e4                _lv_area_diff
                0x03831a84                _lv_area_is_on
                0x03831ad4                _lv_area_is_in
                0x03831bc8                _lv_area_join
                0x03831c1c                _lv_area_is_point_on
                0x03831da0                _lv_area_is_out
                0x03831e94                _lv_area_is_equal
                0x03831ee4                lv_area_align
                0x03832474                lv_point_transform
 .text          0x03832648      0x134 build/lv_async.o
                0x03832648                lv_async_call
                0x038326e0                lv_async_call_cancel
 .text          0x0383277c      0x484 build/lv_color.o
                0x0383277c                lv_color_fill
                0x038327f0                lv_color_lighten
                0x03832844                lv_color_darken
                0x0383288c                lv_color_change_lightness
                0x038328f8                lv_color_hsv_to_rgb
                0x03832a3c                lv_color_rgb_to_hsv
                0x03832b74                lv_color_to_hsv
                0x03832b88                lv_palette_main
                0x03832ba4                lv_palette_lighten
                0x03832bd4                lv_palette_darken
 .text          0x03832c00      0x9d0 build/lv_fs.o
                0x03832c00                _lv_fs_init
                0x03832c10                lv_fs_is_ready
                0x03832c48                lv_fs_get_drv
                0x03832ca0                lv_fs_open
                0x03832d90                lv_fs_close
                0x03832e1c                lv_fs_read
                0x03833090                lv_fs_write
                0x03833110                lv_fs_seek
                0x03833230                lv_fs_tell
                0x03833294                lv_fs_dir_open
                0x0383333c                lv_fs_dir_read
                0x03833388                lv_fs_dir_close
                0x038333dc                lv_fs_drv_init
                0x038333e4                lv_fs_drv_register
                0x0383340c                lv_fs_get_letters
                0x0383347c                lv_fs_get_ext
                0x038334d4                lv_fs_up
                0x0383355c                lv_fs_get_last
 .text          0x038335d0      0x12c build/lv_gc.o
                0x038335d0                _lv_gc_clear_roots
 .text          0x038336fc      0x428 build/lv_ll.o
                0x038336fc                _lv_ll_init
                0x03833714                _lv_ll_ins_head
                0x0383376c                _lv_ll_ins_prev
                0x038337f0                _lv_ll_get_head
                0x03833800                _lv_ll_get_prev
                0x0383380c                _lv_ll_ins_tail
                0x03833864                _lv_ll_remove
                0x038338f4                _lv_ll_get_next
                0x03833904                _lv_ll_get_tail
                0x03833914                _lv_ll_clear
                0x03833960                _lv_ll_chg_list
                0x03833a1c                _lv_ll_get_len
                0x03833a54                _lv_ll_move_before
                0x03833afc                _lv_ll_is_empty
 .text          0x03833b24      0x36c build/lv_math.o
                0x03833b24                lv_trigo_sin
                0x03833bb8                lv_bezier3
                0x03833c1c                lv_sqrt
                0x03833c68                lv_atan2
                0x03833d6c                lv_pow
                0x03833de4                lv_map
                0x03833e54                lv_rand
 .text          0x03833e90      0x9d8 build/lv_mem.o
                0x03833e90                lv_mem_init
                0x03833eb8                lv_mem_deinit
                0x03833ee8                lv_mem_alloc
                0x03833f5c                lv_mem_free
                0x03833fb4                lv_mem_realloc
                0x03834008                lv_mem_test
                0x03834064                lv_mem_monitor
                0x038340ec                lv_memset
                0x03834220                lv_mem_buf_get
                0x0383432c                lv_mem_buf_release
                0x03834370                lv_mem_buf_free_all
                0x038343f8                lv_memcpy
                0x03834678                lv_memset_00
                0x03834768                lv_memset_ff
 .text          0x03834868      0xd90 build/lv_printf.o
                0x03834868                lv_snprintf
                0x03835148                lv_vsnprintf
 .text          0x038355f8      0x8c8 build/lv_style.o
                0x038355f8                lv_style_init
                0x03835600                lv_style_reset
                0x03835644                lv_style_register_prop
                0x03835734                lv_style_get_num_custom_props
                0x0383574c                lv_style_remove_prop
                0x03835898                lv_style_set_prop
                0x03835a18                lv_style_set_prop_meta
                0x03835b6c                lv_style_get_prop
                0x03835c8c                lv_style_transition_dsc_init
                0x03835cd4                lv_style_prop_get_default
                0x03835e30                lv_style_is_empty
                0x03835e40                _lv_style_get_prop_group
                0x03835e50                _lv_style_prop_lookup_flags
 .text          0x03835ec0      0x3fc build/lv_style_gen.o
                0x03835ec0                lv_style_set_width
                0x03835ecc                lv_style_set_min_width
                0x03835ed8                lv_style_set_max_width
                0x03835ee4                lv_style_set_height
                0x03835ef0                lv_style_set_min_height
                0x03835efc                lv_style_set_max_height
                0x03835f08                lv_style_set_x
                0x03835f14                lv_style_set_y
                0x03835f20                lv_style_set_align
                0x03835f2c                lv_style_set_transform_width
                0x03835f38                lv_style_set_transform_height
                0x03835f44                lv_style_set_translate_x
                0x03835f50                lv_style_set_translate_y
                0x03835f5c                lv_style_set_transform_zoom
                0x03835f68                lv_style_set_transform_angle
                0x03835f74                lv_style_set_transform_pivot_x
                0x03835f80                lv_style_set_transform_pivot_y
                0x03835f8c                lv_style_set_pad_top
                0x03835f98                lv_style_set_pad_bottom
                0x03835fa4                lv_style_set_pad_left
                0x03835fb0                lv_style_set_pad_right
                0x03835fbc                lv_style_set_pad_row
                0x03835fc8                lv_style_set_pad_column
                0x03835fd4                lv_style_set_bg_color
                0x03835fe0                lv_style_set_bg_opa
                0x03835fec                lv_style_set_bg_grad_color
                0x03835ff8                lv_style_set_bg_grad_dir
                0x03836004                lv_style_set_bg_main_stop
                0x03836010                lv_style_set_bg_grad_stop
                0x0383601c                lv_style_set_bg_grad
                0x03836028                lv_style_set_bg_dither_mode
                0x03836034                lv_style_set_bg_img_src
                0x03836040                lv_style_set_bg_img_opa
                0x0383604c                lv_style_set_bg_img_recolor
                0x03836058                lv_style_set_bg_img_recolor_opa
                0x03836064                lv_style_set_bg_img_tiled
                0x03836070                lv_style_set_border_color
                0x0383607c                lv_style_set_border_opa
                0x03836088                lv_style_set_border_width
                0x03836094                lv_style_set_border_side
                0x038360a0                lv_style_set_border_post
                0x038360ac                lv_style_set_outline_width
                0x038360b8                lv_style_set_outline_color
                0x038360c4                lv_style_set_outline_opa
                0x038360d0                lv_style_set_outline_pad
                0x038360dc                lv_style_set_shadow_width
                0x038360e8                lv_style_set_shadow_ofs_x
                0x038360f4                lv_style_set_shadow_ofs_y
                0x03836100                lv_style_set_shadow_spread
                0x0383610c                lv_style_set_shadow_color
                0x03836118                lv_style_set_shadow_opa
                0x03836124                lv_style_set_img_opa
                0x03836130                lv_style_set_img_recolor
                0x0383613c                lv_style_set_img_recolor_opa
                0x03836148                lv_style_set_line_width
                0x03836154                lv_style_set_line_dash_width
                0x03836160                lv_style_set_line_dash_gap
                0x0383616c                lv_style_set_line_rounded
                0x03836178                lv_style_set_line_color
                0x03836184                lv_style_set_line_opa
                0x03836190                lv_style_set_arc_width
                0x0383619c                lv_style_set_arc_rounded
                0x038361a8                lv_style_set_arc_color
                0x038361b4                lv_style_set_arc_opa
                0x038361c0                lv_style_set_arc_img_src
                0x038361cc                lv_style_set_text_color
                0x038361d8                lv_style_set_text_opa
                0x038361e4                lv_style_set_text_font
                0x038361f0                lv_style_set_text_letter_space
                0x038361fc                lv_style_set_text_line_space
                0x03836208                lv_style_set_text_decor
                0x03836214                lv_style_set_text_align
                0x03836220                lv_style_set_radius
                0x0383622c                lv_style_set_clip_corner
                0x03836238                lv_style_set_opa
                0x03836244                lv_style_set_opa_layered
                0x03836250                lv_style_set_color_filter_dsc
                0x0383625c                lv_style_set_color_filter_opa
                0x03836268                lv_style_set_anim
                0x03836274                lv_style_set_anim_time
                0x03836280                lv_style_set_anim_speed
                0x0383628c                lv_style_set_transition
                0x03836298                lv_style_set_blend_mode
                0x038362a4                lv_style_set_layout
                0x038362b0                lv_style_set_base_dir
 .text          0x038362bc      0x430 build/lv_timer.o
                0x038362bc                _lv_timer_core_init
                0x038362e8                lv_timer_enable
                0x038362f8                lv_timer_handler
                0x0383658c                lv_timer_create_basic
                0x0383659c                lv_timer_create
                0x0383660c                lv_timer_set_cb
                0x03836614                lv_timer_del
                0x0383664c                lv_timer_pause
                0x0383665c                lv_timer_resume
                0x0383666c                lv_timer_set_period
                0x03836674                lv_timer_ready
                0x03836698                lv_timer_set_repeat_count
                0x038366a0                lv_timer_reset
                0x038366b8                lv_timer_get_idle
                0x038366c8                lv_timer_get_next
 .text          0x038366ec      0xd48 build/lv_tlsf.o
                0x038366ec                lv_tlsf_check
                0x0383683c                lv_tlsf_walk_pool
                0x038368b0                lv_tlsf_block_size
                0x038368c4                lv_tlsf_check_pool
                0x03836928                lv_tlsf_size
                0x03836930                lv_tlsf_align_size
                0x03836938                lv_tlsf_block_size_min
                0x03836940                lv_tlsf_block_size_max
                0x03836948                lv_tlsf_pool_overhead
                0x03836950                lv_tlsf_alloc_overhead
                0x03836958                lv_tlsf_add_pool
                0x03836a70                lv_tlsf_remove_pool
                0x03836b68                lv_tlsf_create
                0x03836bd8                lv_tlsf_create_with_pool
                0x03836c5c                lv_tlsf_destroy
                0x03836c60                lv_tlsf_get_pool
                0x03836c6c                lv_tlsf_malloc
                0x03836e84                lv_tlsf_memalign
                0x03836ffc                lv_tlsf_free
                0x03837184                lv_tlsf_realloc
 .text          0x03837434      0xdcc build/lv_txt.o
                0x038378cc                lv_txt_get_size
                0x03837a10                _lv_txt_get_next_line
                0x03837e78                lv_txt_get_width
                0x03837fb8                _lv_txt_encoded_letter_next_2
                0x03838014                _lv_txt_is_cmd
                0x03838078                _lv_txt_ins
                0x03838118                _lv_txt_cut
                0x03838190                _lv_txt_set_text_vfmt
 .text          0x03838200       0x7c build/lv_utils.o
                0x03838200                _lv_utils_bsearch
 *fill*         0x0383827c        0x4 
 .text          0x03838280     0x16e0 build/lv_arc.o
                0x03838d44                lv_arc_create
                0x03838d6c                lv_arc_set_start_angle
                0x03838f60                lv_arc_set_end_angle
                0x03839008                lv_arc_set_angles
                0x03839030                lv_arc_set_bg_start_angle
                0x03839210                lv_arc_set_bg_end_angle
                0x038392b0                lv_arc_set_bg_angles
                0x038392d8                lv_arc_set_rotation
                0x038392e0                lv_arc_set_mode
                0x0383937c                lv_arc_set_value
                0x038393bc                lv_arc_set_range
                0x03839418                lv_arc_set_change_rate
                0x03839420                lv_arc_get_angle_start
                0x03839428                lv_arc_get_angle_end
                0x03839430                lv_arc_get_bg_angle_start
                0x03839438                lv_arc_get_bg_angle_end
                0x03839440                lv_arc_get_value
                0x03839448                lv_arc_get_min_value
                0x03839450                lv_arc_get_max_value
                0x03839458                lv_arc_get_mode
                0x03839464                lv_arc_align_obj_to_angle
                0x0383968c                lv_arc_rotate_obj_to_angle
 .text          0x03839960      0xd0c build/lv_bar.o
                0x0383a30c                lv_bar_create
                0x0383a334                lv_bar_set_value
                0x0383a470                lv_bar_set_start_value
                0x0383a4dc                lv_bar_set_range
                0x0383a568                lv_bar_get_mode
                0x0383a574                lv_bar_set_mode
                0x0383a598                lv_bar_get_value
                0x0383a5b0                lv_bar_get_start_value
                0x0383a5e0                lv_bar_get_min_value
                0x0383a5e8                lv_bar_get_max_value
 .text          0x0383a66c       0x50 build/lv_btn.o
                0x0383a694                lv_btn_create
 .text          0x0383a6bc     0x1998 build/lv_btnmatrix.o
                0x0383b3b8                lv_btnmatrix_create
                0x0383b3e0                lv_btnmatrix_set_map
                0x0383b830                lv_btnmatrix_set_ctrl_map
                0x0383b85c                lv_btnmatrix_set_selected_btn
                0x0383b9d4                lv_btnmatrix_set_btn_ctrl
                0x0383baec                lv_btnmatrix_clear_btn_ctrl_all
                0x0383bb34                lv_btnmatrix_clear_btn_ctrl
                0x0383bbb4                lv_btnmatrix_set_btn_ctrl_all
                0x0383bbfc                lv_btnmatrix_set_btn_width
                0x0383bc24                lv_btnmatrix_set_one_checked
                0x0383bce8                lv_btnmatrix_get_map
                0x0383bcf0                lv_btnmatrix_get_selected_btn
                0x0383bcf8                lv_btnmatrix_get_btn_text
                0x0383bda4                lv_btnmatrix_has_btn_ctrl
                0x0383bdd8                lv_btnmatrix_get_one_checked
 .text          0x0383c054      0x5ac build/lv_checkbox.o
                0x0383c51c                lv_checkbox_create
                0x0383c544                lv_checkbox_set_text
                0x0383c5b0                lv_checkbox_set_text_static
                0x0383c5f8                lv_checkbox_get_text
 .text          0x0383c600     0x1838 build/lv_dropdown.o
                0x0383cf68                lv_dropdown_create
                0x0383cf90                lv_dropdown_set_text
                0x0383cfa4                lv_dropdown_set_options
                0x0383d080                lv_dropdown_set_options_static
                0x0383d12c                lv_dropdown_add_option
                0x0383d33c                lv_dropdown_clear_options
                0x0383d39c                lv_dropdown_set_selected
                0x0383d478                lv_dropdown_set_dir
                0x0383d49c                lv_dropdown_set_symbol
                0x0383d4a4                lv_dropdown_set_selected_highlight
                0x0383d4c8                lv_dropdown_get_list
                0x0383d4d0                lv_dropdown_get_text
                0x0383d4d8                lv_dropdown_get_options
                0x0383d4f0                lv_dropdown_get_selected
                0x0383d4f8                lv_dropdown_get_option_cnt
                0x0383d500                lv_dropdown_get_selected_str
                0x0383d5e8                lv_dropdown_get_option_index
                0x0383d6a0                lv_dropdown_get_symbol
                0x0383d6a8                lv_dropdown_get_selected_highlight
                0x0383d6b4                lv_dropdown_get_dir
                0x0383d6c0                lv_dropdown_open
                0x0383da1c                lv_dropdown_close
                0x0383da58                lv_dropdown_is_open
 .text          0x0383de38     0x117c build/lv_img.o
                0x0383e828                lv_img_create
                0x0383e850                lv_img_set_src
                0x0383ea4c                lv_img_set_offset_x
                0x0383ea54                lv_img_set_offset_y
                0x0383ea5c                lv_img_set_angle
                0x0383ec00                lv_img_set_pivot
                0x0383ed58                lv_img_set_zoom
                0x0383eebc                lv_img_set_antialias
                0x0383eedc                lv_img_set_size_mode
                0x0383ef04                lv_img_get_src
                0x0383ef0c                lv_img_get_offset_x
                0x0383ef14                lv_img_get_offset_y
                0x0383ef1c                lv_img_get_angle
                0x0383ef24                lv_img_get_pivot
                0x0383ef38                lv_img_get_zoom
                0x0383ef40                lv_img_get_antialias
                0x0383ef4c                lv_img_get_size_mode
 *fill*         0x0383efb4        0x4 
 .text          0x0383efb8     0x1bd4 build/lv_label.o
                0x0383f524                lv_label_create
                0x0383f54c                lv_label_set_text
                0x0383fd90                lv_label_set_text_fmt
                0x0383fe1c                lv_label_set_text_static
                0x0383fe70                lv_label_set_long_mode
                0x0383ff9c                lv_label_set_recolor
                0x0383ffbc                lv_label_set_text_sel_start
                0x0383ffc4                lv_label_set_text_sel_end
                0x0383ffcc                lv_label_get_text
                0x0383ffd4                lv_label_get_long_mode
                0x0383ffe0                lv_label_get_recolor
                0x0383ffec                lv_label_get_letter_pos
                0x03840354                lv_label_get_letter_on
                0x03840700                lv_label_is_char_under_pos
                0x03840a44                lv_label_get_text_selection_start
                0x03840a4c                lv_label_get_text_selection_end
                0x03840a54                lv_label_ins_text
                0x03840b04                lv_label_cut_text
 .text          0x03840b8c      0x300 build/lv_line.o
                0x03840e14                lv_line_create
                0x03840e3c                lv_line_set_points
                0x03840e60                lv_line_set_y_invert
                0x03840e80                lv_line_get_y_invert
 .text          0x03840e8c     0x1154 build/lv_roller.o
                0x0384181c                lv_roller_create
                0x03841844                lv_roller_set_options
                0x03841a54                lv_roller_set_selected
                0x03841cc4                lv_roller_set_visible_row_count
                0x03841d28                lv_roller_get_selected
                0x03841d74                lv_roller_get_selected_str
                0x03841e3c                lv_roller_get_options
                0x03841e54                lv_roller_get_option_cnt
 .text          0x03841fe0      0xc64 build/lv_slider.o
                0x03842ae0                lv_slider_create
                0x03842b08                lv_slider_is_dragged
 .text          0x03842c44      0x448 build/lv_switch.o
                0x0384304c                lv_switch_create
 .text          0x0384308c     0x1d18 build/lv_table.o
                0x03843d94                lv_table_create
                0x03843dbc                lv_table_set_cell_value
                0x03843ebc                lv_table_set_col_cnt
                0x038440a8                lv_table_set_row_cnt
                0x0384434c                lv_table_set_cell_value_fmt
                0x03844618                lv_table_set_col_width
                0x03844660                lv_table_add_cell_ctrl
                0x03844724                lv_table_clear_cell_ctrl
                0x038447e8                lv_table_set_cell_user_data
                0x038448bc                lv_table_get_cell_value
                0x03844900                lv_table_get_row_cnt
                0x03844908                lv_table_get_col_cnt
                0x03844910                lv_table_get_col_width
                0x03844930                lv_table_has_cell_ctrl
                0x03844980                lv_table_get_selected_cell
                0x03844994                lv_table_get_cell_user_data
 .text          0x03844da4     0x1b2c build/lv_textarea.o
                0x03845554                lv_textarea_create
                0x0384557c                lv_textarea_add_char
                0x03845874                lv_textarea_clear_selection
                0x0384594c                lv_textarea_set_cursor_pos
                0x03845acc                lv_textarea_get_cursor_pos
                0x03845ad4                lv_textarea_add_text
                0x03845c64                lv_textarea_get_accepted_chars
                0x03845c6c                lv_textarea_get_max_length
                0x03845c74                lv_textarea_del_char
                0x03845d78                lv_textarea_del_char_forward
                0x03845da8                lv_textarea_set_text
                0x03845f0c                lv_textarea_set_placeholder_text
                0x03846340                lv_textarea_set_cursor_click_pos
                0x03846354                lv_textarea_set_password_mode
                0x038463f8                lv_textarea_set_password_bullet
                0x0384645c                lv_textarea_set_one_line
                0x038464f8                lv_textarea_set_accepted_chars
                0x03846500                lv_textarea_set_max_length
                0x03846508                lv_textarea_set_insert_replace
                0x03846518                lv_textarea_set_text_selection
                0x03846534                lv_textarea_set_password_show_time
                0x0384653c                lv_textarea_set_align
                0x03846588                lv_textarea_get_label
                0x03846590                lv_textarea_get_text
                0x038465a8                lv_textarea_get_placeholder_text
                0x038465c0                lv_textarea_get_cursor_click_pos
                0x038465cc                lv_textarea_get_password_mode
                0x038465d8                lv_textarea_get_password_bullet
                0x0384663c                lv_textarea_get_one_line
                0x03846648                lv_textarea_text_is_selected
                0x03846684                lv_textarea_get_text_selection
                0x03846690                lv_textarea_get_password_show_time
                0x03846698                lv_textarea_cursor_right
                0x038466a4                lv_textarea_cursor_left
                0x038466b8                lv_textarea_cursor_down
                0x03846758                lv_textarea_cursor_up
 .text          0x038468d0       0x9a c:\Users\anshr\AppData\Roaming\Cursor\User\globalStorage\vexrobotics.vexcode\sdk\cpp\V5\V5_20240802_15_00_00/vexv5/gcc/libs\libc.a(lib_a-aeabi_memset-soft.o)
                0x038468d0                __aeabi_memset8
                0x038468d0                __aeabi_memset
                0x038468d0                __aeabi_memset4
 *(.text.*)
 *fill*         0x0384696a        0x2 
 .text._Z10autonomousv
                0x0384696c        0x4 build/src/main.o
                0x0384696c                autonomous()
 .text._Z11usercontrolv
                0x03846970        0x4 build/src/main.o
                0x03846970                usercontrol()
 *fill*         0x03846974        0x4 
 .text.main     0x03846978       0x68 build/src/main.o
                0x03846978                main
 .text._GLOBAL__sub_I_main.cpp
                0x038469e0       0x34 build/src/main.o
 .text._ZN3PIDC2Eddd
                0x03846a14       0x98 build/src/pid.o
                0x03846a14                PID::PID(double, double, double)
                0x03846a14                PID::PID(double, double, double)
 .text._ZN3PID9setTargetEd
                0x03846aac       0x10 build/src/pid.o
                0x03846aac                PID::setTarget(double)
 .text._ZN3PID25setSmallBigErrorToleranceEdd
                0x03846abc       0x18 build/src/pid.o
                0x03846abc                PID::setSmallBigErrorTolerance(double, double)
 .text._ZN3PID14setIntegralMaxEd
                0x03846ad4       0x10 build/src/pid.o
                0x03846ad4                PID::setIntegralMax(double)
 .text._ZN3PID16setIntegralRangeEd
                0x03846ae4       0x10 build/src/pid.o
                0x03846ae4                PID::setIntegralRange(double)
 .text._ZN3PID22setDerivativeToleranceEd
                0x03846af4       0x10 build/src/pid.o
                0x03846af4                PID::setDerivativeTolerance(double)
 .text._ZN3PID24setSmallBigErrorDurationEdd
                0x03846b04       0x18 build/src/pid.o
                0x03846b04                PID::setSmallBigErrorDuration(double, double)
 .text._ZN3PID9setArriveEb
                0x03846b1c        0x8 build/src/pid.o
                0x03846b1c                PID::setArrive(bool)
 .text._ZN3PID13targetArrivedEv
                0x03846b24        0x8 build/src/pid.o
                0x03846b24                PID::targetArrived()
 .text._ZN3PID6updateEd
                0x03846b2c      0x2ac build/src/pid.o
                0x03846b2c                PID::update(double)
 .text._GLOBAL__sub_I_pid.cpp
                0x03846dd8       0x34 build/src/pid.o
 *fill*         0x03846e0c        0x4 
 .text._Z8degToRadd
                0x03846e10       0x30 build/src/utils.o
                0x03846e10                degToRad(double)
 .text._GLOBAL__sub_I_utils.cpp
                0x03846e40       0x34 build/src/utils.o
 .text._Z12driveChassisdd
                0x03846e74       0x64 build/src/motor-control.o
                0x03846e74                driveChassis(double, double)
 .text._Z11stopChassisN3vex9brakeTypeE
                0x03846ed8       0x30 build/src/motor-control.o
                0x03846ed8                stopChassis(vex::brakeType)
 .text._Z12resetChassisv
                0x03846f08       0x58 build/src/motor-control.o
                0x03846f08                resetChassis()
 .text._Z15normalizeTargetd
                0x03846f60      0x138 build/src/motor-control.o
                0x03846f60                normalizeTarget(double)
 .text._Z10scaleToMinRdS_d
                0x03847098       0xe4 build/src/motor-control.o
                0x03847098                scaleToMin(double&, double&, double)
 .text._Z10scaleToMaxRdS_d
                0x0384717c       0xb4 build/src/motor-control.o
                0x0384717c                scaleToMax(double&, double&, double)
 .text._Z11turnToAngleddbd
                0x03847230      0x750 build/src/motor-control.o
                0x03847230                turnToAngle(double, double, bool, double)
 .text._Z7driveToddbd
                0x03847980      0x6e8 build/src/motor-control.o
                0x03847980                driveTo(double, double, bool, double)
 .text._Z16trackNoOdomWheelv
                0x03848068      0x1d0 build/src/motor-control.o
                0x03848068                trackNoOdomWheel()
 .text._Z16trackXYOdomWheelv
                0x03848238      0x240 build/src/motor-control.o
                0x03848238                trackXYOdomWheel()
 .text._Z15trackXOdomWheelv
                0x03848478      0x298 build/src/motor-control.o
                0x03848478                trackXOdomWheel()
 .text._Z15trackYOdomWheelv
                0x03848710      0x190 build/src/motor-control.o
                0x03848710                trackYOdomWheel()
 .text._GLOBAL__sub_I_motor_control.cpp
                0x038488a0       0x34 build/src/motor-control.o
 *fill*         0x038488d4        0x4 
 .text._Z12exampleAutonv
                0x038488d8      0x160 build/custom/src/autonomous.o
                0x038488d8                exampleAuton()
 .text._GLOBAL__sub_I_autonomous.cpp
                0x03848a38       0x34 build/custom/src/autonomous.o
 .text._ZN3vex11motor_groupC2IJNS_5motorES2_EEERS2_DpRT_
                0x03848a6c       0x44 build/custom/src/robot-config.o
                0x03848a6c                vex::motor_group::motor_group<vex::motor, vex::motor>(vex::motor&, vex::motor&, vex::motor&)
 .text._Z11vexcodeInitv
                0x03848ab0        0x4 build/custom/src/robot-config.o
                0x03848ab0                vexcodeInit()
 .text._GLOBAL__sub_I_robot_config.cpp
                0x03848ab4      0x5f0 build/custom/src/robot-config.o
 .text._Z13runAutonomousv
                0x038490a4        0x4 build/custom/src/user.o
                0x038490a4                runAutonomous()
 .text._Z9runDriverv
                0x038490a8      0x1d0 build/custom/src/user.o
                0x038490a8                runDriver()
 .text._Z16runPreAutonomousv
                0x03849278      0x118 build/custom/src/user.o
                0x03849278                runPreAutonomous()
 .text.vexMain  0x03849390       0xb0 c:\Users\anshr\AppData\Roaming\Cursor\User\globalStorage\vexrobotics.vexcode\sdk\cpp\V5\V5_20240802_15_00_00/vexv5\libv5rt.a(v5_startup.c.obj)
                0x03849390                vexMain
 .text.__vex_function_prolog
                0x03849440       0x18 c:\Users\anshr\AppData\Roaming\Cursor\User\globalStorage\vexrobotics.vexcode\sdk\cpp\V5\V5_20240802_15_00_00/vexv5\libv5rt.a(v5_startup.c.obj)
                0x03849440                __vex_function_prolog
 .text._init    0x03849458        0x4 c:\Users\anshr\AppData\Roaming\Cursor\User\globalStorage\vexrobotics.vexcode\sdk\cpp\V5\V5_20240802_15_00_00/vexv5\libv5rt.a(v5_startup.c.obj)
                0x03849458                _init
 .text._fini    0x0384945c        0x4 c:\Users\anshr\AppData\Roaming\Cursor\User\globalStorage\vexrobotics.vexcode\sdk\cpp\V5\V5_20240802_15_00_00/vexv5\libv5rt.a(v5_startup.c.obj)
                0x0384945c                _fini
 .text.vexStdlibVersionLinked
                0x03849460        0xc c:\Users\anshr\AppData\Roaming\Cursor\User\globalStorage\vexrobotics.vexcode\sdk\cpp\V5\V5_20240802_15_00_00/vexv5\libv5rt.a(v5_util.c.obj)
                0x03849460                vexStdlibVersionLinked
 .text.vexStdlibVersionVerify
                0x0384946c       0x30 c:\Users\anshr\AppData\Roaming\Cursor\User\globalStorage\vexrobotics.vexcode\sdk\cpp\V5\V5_20240802_15_00_00/vexv5\libv5rt.a(v5_util.c.obj)
                0x0384946c                vexStdlibVersionVerify
 .text.vexPrivateApiEnable
                0x0384949c       0x10 c:\Users\anshr\AppData\Roaming\Cursor\User\globalStorage\vexrobotics.vexcode\sdk\cpp\V5\V5_20240802_15_00_00/vexv5\libv5rt.a(v5_apijump.c.obj)
                0x0384949c                vexPrivateApiEnable
 .text.vexStdlibMismatchError
                0x038494ac       0x3c c:\Users\anshr\AppData\Roaming\Cursor\User\globalStorage\vexrobotics.vexcode\sdk\cpp\V5\V5_20240802_15_00_00/vexv5\libv5rt.a(v5_apijump.c.obj)
                0x038494ac                vexStdlibMismatchError
 .text.vexTaskAdd
                0x038494e8       0x10 c:\Users\anshr\AppData\Roaming\Cursor\User\globalStorage\vexrobotics.vexcode\sdk\cpp\V5\V5_20240802_15_00_00/vexv5\libv5rt.a(v5_apijump.c.obj)
                0x038494e8                vexTaskAdd
 .text.vexTasksRun
                0x038494f8       0x10 c:\Users\anshr\AppData\Roaming\Cursor\User\globalStorage\vexrobotics.vexcode\sdk\cpp\V5\V5_20240802_15_00_00/vexv5\libv5rt.a(v5_apijump.c.obj)
                0x038494f8                vexTasksRun
 .text.vexTaskYield
                0x03849508       0x10 c:\Users\anshr\AppData\Roaming\Cursor\User\globalStorage\vexrobotics.vexcode\sdk\cpp\V5\V5_20240802_15_00_00/vexv5\libv5rt.a(v5_apijump.c.obj)
                0x03849508                vexTaskYield
 .text.vexTaskCheckTimeslice
                0x03849518       0x10 c:\Users\anshr\AppData\Roaming\Cursor\User\globalStorage\vexrobotics.vexcode\sdk\cpp\V5\V5_20240802_15_00_00/vexv5\libv5rt.a(v5_apijump.c.obj)
                0x03849518                vexTaskCheckTimeslice
 .text.vexTaskSleep
                0x03849528       0x10 c:\Users\anshr\AppData\Roaming\Cursor\User\globalStorage\vexrobotics.vexcode\sdk\cpp\V5\V5_20240802_15_00_00/vexv5\libv5rt.a(v5_apijump.c.obj)
                0x03849528                vexTaskSleep
 .text.vexTasksDump
                0x03849538       0x1c c:\Users\anshr\AppData\Roaming\Cursor\User\globalStorage\vexrobotics.vexcode\sdk\cpp\V5\V5_20240802_15_00_00/vexv5\libv5rt.a(v5_apijump.c.obj)
                0x03849538                vexTasksDump
 .text.vexTaskGetTaskIndex
                0x03849554       0x10 c:\Users\anshr\AppData\Roaming\Cursor\User\globalStorage\vexrobotics.vexcode\sdk\cpp\V5\V5_20240802_15_00_00/vexv5\libv5rt.a(v5_apijump.c.obj)
                0x03849554                vexTaskGetTaskIndex
 .text.vexTaskStopAll
                0x03849564       0x10 c:\Users\anshr\AppData\Roaming\Cursor\User\globalStorage\vexrobotics.vexcode\sdk\cpp\V5\V5_20240802_15_00_00/vexv5\libv5rt.a(v5_apijump.c.obj)
                0x03849564                vexTaskStopAll
 .text.vexTaskRemoveAllUser
                0x03849574       0x34 c:\Users\anshr\AppData\Roaming\Cursor\User\globalStorage\vexrobotics.vexcode\sdk\cpp\V5\V5_20240802_15_00_00/vexv5\libv5rt.a(v5_apijump.c.obj)
                0x03849574                vexTaskRemoveAllUser
 .text.vexTaskCompletionIdSet
                0x038495a8       0x10 c:\Users\anshr\AppData\Roaming\Cursor\User\globalStorage\vexrobotics.vexcode\sdk\cpp\V5\V5_20240802_15_00_00/vexv5\libv5rt.a(v5_apijump.c.obj)
                0x038495a8                vexTaskCompletionIdSet
 .text.vexTaskStopWithId
                0x038495b8       0x10 c:\Users\anshr\AppData\Roaming\Cursor\User\globalStorage\vexrobotics.vexcode\sdk\cpp\V5\V5_20240802_15_00_00/vexv5\libv5rt.a(v5_apijump.c.obj)
                0x038495b8                vexTaskStopWithId
 .text.vexCriticalSection
                0x038495c8       0x2c c:\Users\anshr\AppData\Roaming\Cursor\User\globalStorage\vexrobotics.vexcode\sdk\cpp\V5\V5_20240802_15_00_00/vexv5\libv5rt.a(v5_apijump.c.obj)
                0x038495c8                vexCriticalSection
 .text.vexEventAdd
                0x038495f4       0x34 c:\Users\anshr\AppData\Roaming\Cursor\User\globalStorage\vexrobotics.vexcode\sdk\cpp\V5\V5_20240802_15_00_00/vexv5\libv5rt.a(v5_apijump.c.obj)
                0x038495f4                vexEventAdd
 .text.vexEventUserIndexGet
                0x03849628       0x1c c:\Users\anshr\AppData\Roaming\Cursor\User\globalStorage\vexrobotics.vexcode\sdk\cpp\V5\V5_20240802_15_00_00/vexv5\libv5rt.a(v5_apijump.c.obj)
                0x03849628                vexEventUserIndexGet
 .text.vexEventAddWithArg
                0x03849644       0x3c c:\Users\anshr\AppData\Roaming\Cursor\User\globalStorage\vexrobotics.vexcode\sdk\cpp\V5\V5_20240802_15_00_00/vexv5\libv5rt.a(v5_apijump.c.obj)
                0x03849644                vexEventAddWithArg
 .text.vexEventsCleanup
                0x03849680       0x2c c:\Users\anshr\AppData\Roaming\Cursor\User\globalStorage\vexrobotics.vexcode\sdk\cpp\V5\V5_20240802_15_00_00/vexv5\libv5rt.a(v5_apijump.c.obj)
                0x03849680                vexEventsCleanup
 .text.vexDebug
                0x038496ac       0x38 c:\Users\anshr\AppData\Roaming\Cursor\User\globalStorage\vexrobotics.vexcode\sdk\cpp\V5\V5_20240802_15_00_00/vexv5\libv5rt.a(v5_apijump.c.obj)
                0x038496ac                vexDebug
 .text.vex_sprintf
                0x038496e4       0x40 c:\Users\anshr\AppData\Roaming\Cursor\User\globalStorage\vexrobotics.vexcode\sdk\cpp\V5\V5_20240802_15_00_00/vexv5\libv5rt.a(v5_apijump.c.obj)
                0x038496e4                vex_sprintf
 .text.vex_vsnprintf
                0x03849724       0x3c c:\Users\anshr\AppData\Roaming\Cursor\User\globalStorage\vexrobotics.vexcode\sdk\cpp\V5\V5_20240802_15_00_00/vexv5\libv5rt.a(v5_apijump.c.obj)
                0x03849724                vex_vsnprintf
 .text.vexSystemTimeGet
                0x03849760       0x1c c:\Users\anshr\AppData\Roaming\Cursor\User\globalStorage\vexrobotics.vexcode\sdk\cpp\V5\V5_20240802_15_00_00/vexv5\libv5rt.a(v5_apijump.c.obj)
                0x03849760                vexSystemTimeGet
 .text.vexSystemExitRequest
                0x0384977c       0x1c c:\Users\anshr\AppData\Roaming\Cursor\User\globalStorage\vexrobotics.vexcode\sdk\cpp\V5\V5_20240802_15_00_00/vexv5\libv5rt.a(v5_apijump.c.obj)
                0x0384977c                vexSystemExitRequest
 .text.vexDeviceGetByIndex
                0x03849798       0x24 c:\Users\anshr\AppData\Roaming\Cursor\User\globalStorage\vexrobotics.vexcode\sdk\cpp\V5\V5_20240802_15_00_00/vexv5\libv5rt.a(v5_apijump.c.obj)
                0x03849798                vexDeviceGetByIndex
 .text.vexControllerGet
                0x038497bc       0x2c c:\Users\anshr\AppData\Roaming\Cursor\User\globalStorage\vexrobotics.vexcode\sdk\cpp\V5\V5_20240802_15_00_00/vexv5\libv5rt.a(v5_apijump.c.obj)
                0x038497bc                vexControllerGet
 .text.vexDeviceAdiPortConfigSet
                0x038497e8       0x34 c:\Users\anshr\AppData\Roaming\Cursor\User\globalStorage\vexrobotics.vexcode\sdk\cpp\V5\V5_20240802_15_00_00/vexv5\libv5rt.a(v5_apijump.c.obj)
                0x038497e8                vexDeviceAdiPortConfigSet
 .text.vexDeviceAdiPortConfigGet
                0x0384981c       0x2c c:\Users\anshr\AppData\Roaming\Cursor\User\globalStorage\vexrobotics.vexcode\sdk\cpp\V5\V5_20240802_15_00_00/vexv5\libv5rt.a(v5_apijump.c.obj)
                0x0384981c                vexDeviceAdiPortConfigGet
 .text.vexDeviceMotorVelocitySet
                0x03849848       0x2c c:\Users\anshr\AppData\Roaming\Cursor\User\globalStorage\vexrobotics.vexcode\sdk\cpp\V5\V5_20240802_15_00_00/vexv5\libv5rt.a(v5_apijump.c.obj)
                0x03849848                vexDeviceMotorVelocitySet
 .text.vexDeviceMotorVoltageSet
                0x03849874       0x2c c:\Users\anshr\AppData\Roaming\Cursor\User\globalStorage\vexrobotics.vexcode\sdk\cpp\V5\V5_20240802_15_00_00/vexv5\libv5rt.a(v5_apijump.c.obj)
                0x03849874                vexDeviceMotorVoltageSet
 .text.vexDeviceMotorActualVelocityGet
                0x038498a0       0x24 c:\Users\anshr\AppData\Roaming\Cursor\User\globalStorage\vexrobotics.vexcode\sdk\cpp\V5\V5_20240802_15_00_00/vexv5\libv5rt.a(v5_apijump.c.obj)
                0x038498a0                vexDeviceMotorActualVelocityGet
 .text.vexDeviceMotorReverseFlagSet
                0x038498c4       0x2c c:\Users\anshr\AppData\Roaming\Cursor\User\globalStorage\vexrobotics.vexcode\sdk\cpp\V5\V5_20240802_15_00_00/vexv5\libv5rt.a(v5_apijump.c.obj)
                0x038498c4                vexDeviceMotorReverseFlagSet
 .text.vexDeviceMotorEncoderUnitsSet
                0x038498f0       0x2c c:\Users\anshr\AppData\Roaming\Cursor\User\globalStorage\vexrobotics.vexcode\sdk\cpp\V5\V5_20240802_15_00_00/vexv5\libv5rt.a(v5_apijump.c.obj)
                0x038498f0                vexDeviceMotorEncoderUnitsSet
 .text.vexDeviceMotorBrakeModeSet
                0x0384991c       0x2c c:\Users\anshr\AppData\Roaming\Cursor\User\globalStorage\vexrobotics.vexcode\sdk\cpp\V5\V5_20240802_15_00_00/vexv5\libv5rt.a(v5_apijump.c.obj)
                0x0384991c                vexDeviceMotorBrakeModeSet
 .text.vexDeviceMotorPositionSet
                0x03849948       0x34 c:\Users\anshr\AppData\Roaming\Cursor\User\globalStorage\vexrobotics.vexcode\sdk\cpp\V5\V5_20240802_15_00_00/vexv5\libv5rt.a(v5_apijump.c.obj)
                0x03849948                vexDeviceMotorPositionSet
 .text.vexDeviceMotorPositionGet
                0x0384997c       0x24 c:\Users\anshr\AppData\Roaming\Cursor\User\globalStorage\vexrobotics.vexcode\sdk\cpp\V5\V5_20240802_15_00_00/vexv5\libv5rt.a(v5_apijump.c.obj)
                0x0384997c                vexDeviceMotorPositionGet
 .text.vexDeviceMotorGearingSet
                0x038499a0       0x2c c:\Users\anshr\AppData\Roaming\Cursor\User\globalStorage\vexrobotics.vexcode\sdk\cpp\V5\V5_20240802_15_00_00/vexv5\libv5rt.a(v5_apijump.c.obj)
                0x038499a0                vexDeviceMotorGearingSet
 .text.vexDeviceMotorGearingGet
                0x038499cc       0x24 c:\Users\anshr\AppData\Roaming\Cursor\User\globalStorage\vexrobotics.vexcode\sdk\cpp\V5\V5_20240802_15_00_00/vexv5\libv5rt.a(v5_apijump.c.obj)
                0x038499cc                vexDeviceMotorGearingGet
 .text.vexDeviceImuReset
                0x038499f0       0x24 c:\Users\anshr\AppData\Roaming\Cursor\User\globalStorage\vexrobotics.vexcode\sdk\cpp\V5\V5_20240802_15_00_00/vexv5\libv5rt.a(v5_apijump.c.obj)
                0x038499f0                vexDeviceImuReset
 .text.vexDeviceImuHeadingGet
                0x03849a14       0x24 c:\Users\anshr\AppData\Roaming\Cursor\User\globalStorage\vexrobotics.vexcode\sdk\cpp\V5\V5_20240802_15_00_00/vexv5\libv5rt.a(v5_apijump.c.obj)
                0x03849a14                vexDeviceImuHeadingGet
 .text.vexDeviceImuDegreesGet
                0x03849a38       0x24 c:\Users\anshr\AppData\Roaming\Cursor\User\globalStorage\vexrobotics.vexcode\sdk\cpp\V5\V5_20240802_15_00_00/vexv5\libv5rt.a(v5_apijump.c.obj)